Hitachi Optimizing Linkage Editor (Ver. 7.1.03.000)17-May-2020 11:39:41

*** Options ***

-subcommand=C:\Users\ADMINI~1\AppData\Local\Temp\hmk9CA5.tmp
noprelink
sdebug
rom D=R
nomessage
list "E:\DLsrc\Debug\FXADDINror.map"
show symbol
nooptimize
start P_TOP,P,C,D,C$VTBL,C$INIT/0300200,B_BR_Size,B,R/08100000
fsymbol P
nologo
input "E:\DLsrc\Debug\dl2_dialog.obj" "E:\DLsrc\Debug\dl2_draw.obj" "E:\DLsrc\Debug\dl2_file.obj" "E:\DLsrc\Debug\dl2_key.obj" "E:\DLsrc\Debug\dl2_list.obj" "E:\DLsrc\Debug\dl2_main.obj" "E:\DLsrc\Debug\dl2_pic.obj" "E:\DLsrc\Debug\fxchslib.obj"
input "F:\SDKcalc\OS\FX\lib\setup.obj"
library "F:\SDKcalc\OS\FX\lib\fx9860G_library.lib"
output "E:\DLsrc\Debug\FXADDINror.abs"
-nomessage=1100
end

*** Error information ***

*** Mapping List ***

SECTION                            START      END         SIZE   ALIGN

P_TOP
                                  00300200  0030020b         c   4
P
                                  0030020c  003058d7      56cc   4
C
                                  003058d8  003061bb       8e4   4
D
                                  003061bc  0030626b        b0   4
B_BR_Size
                                  08100000  08100003         4   4
B
                                  08100004  08100023        20   4
R
                                  08100024  081000d3        b0   4

*** Symbol List ***

SECTION=
FILE=                               START        END    SIZE
  SYMBOL                            ADDR        SIZE    INFO      COUNTS  OPT

SECTION=P_TOP
FILE=E:\DLsrc\Debug\dl2_main.obj
                                  00300200  0030020b         c
  _InitializeSystem
                                  00300200         c   func ,g         * 

SECTION=P
FILE=E:\DLsrc\Debug\dl2_dialog.obj
                                  0030020c  00300833       628
  _show_dialog
                                  0030020c       186   func ,g         * 
  _file_view
                                  00300392       320   func ,g         * 
  _dGetKeyChar
                                  003006b2        42   func ,g         * 
  _get_line_box
                                  003006f4       140   func ,g         * 
FILE=E:\DLsrc\Debug\dl2_draw.obj
                                  00300834  003008c7        94
  _draw_picture
                                  00300834        2c   func ,g         * 
  _area_clear
                                  00300860        68   func ,g         * 
FILE=E:\DLsrc\Debug\dl2_file.obj
                                  003008c8  00300947        80
  _char_to_font
                                  003008c8        3a   func ,g         * 
  _font_to_char
                                  00300902        20   func ,g         * 
  _open_file
                                  00300922        26   func ,g         * 
FILE=E:\DLsrc\Debug\dl2_key.obj
                                  00300948  0030097f        38
  _waitkey
                                  00300948        14   func ,g         * 
  _wait
                                  0030095c        24   func ,g         * 
FILE=E:\DLsrc\Debug\dl2_list.obj
                                  00300980  00300a0f        90
  _list_init
                                  00300980         a   func ,g         * 
  _list_destory
                                  0030098a        2c   func ,g         * 
  _list_push
                                  003009b6        5a   func ,g         * 
FILE=E:\DLsrc\Debug\dl2_main.obj
                                  00300a10  003015c7       bb8
  _save_page_mark
                                  00300a10        4e   func ,g         * 
  _read_page_mark
                                  00300a5e        88   func ,g         * 
  _split_page
                                  00300ae6       18c   func ,g         * 
  _get_page_offset
                                  00300c72        4e   func ,g         * 
  _select_page_mark
                                  00300cc0       124   func ,g         * 
  _start_read
                                  00300de4       348   func ,g         * 
  _start_read_text
                                  0030112c        e0   func ,g         * 
  _show_menu
                                  0030120c       168   func ,g         * 
  _AddIn_main
                                  00301374       254   func ,g         * 
FILE=E:\DLsrc\Debug\fxchslib.obj
                                  003015c8  003018db       314
  _draw_picture
                                  003015c8        2c   func ,l         * 
  _x86_dword_to_sh
                                  003015f4        2e   func ,l         * 
  _char_to_font
                                  00301622        3a   func ,l         * 
  _open_font
                                  0030165c        a2   func ,g         * 
  _close_font
                                  003016fe        3a   func ,g         * 
  _select_font
                                  00301738         6   func ,g         * 
  _print_chs_char
                                  0030173e        76   func ,g         * 
  _print_asc_char
                                  003017b4        62   func ,g         * 
  _print_chs_str
                                  00301816        98   func ,g         * 
  _get_str_width
                                  003018ae        2e   func ,g         * 
FILE=F:\SDKcalc\OS\FX\lib\setup.obj
                                  003018dc  003019f7       11c
  ___LINK_PROTECT
                                  003018dc         4   func ,g         * 
  _SetQuitHandler
                                  003018e0         6   func ,g         * 
  _OnAppCloseDefault
                                  003018e6        54   func ,g         * 
  __INITSCT_ADDIN
                                  0030193a        48   func ,g         * 
  _INIT_ADDIN_APPLICATION
                                  00301982        76   func ,g         * 
FILE=__s_scpy
                                  003019f8  00301a47        50
  __slow_strcpy
                                  003019f8         0   none ,g         * 
  SCPY_B
                                  00301a10         0   none ,l         * 
  SCPY_END
                                  00301a34         0   none ,l         * 
  _quick_strcpy2
                                  00301a3c         0   none ,l         * 
  A_qcpy
                                  00301a44         0   none ,l         * 
FILE=atol
                                  00301a48  00301a53         c
  _atol
                                  00301a48         c   func ,g         * 
FILE=memcpy
                                  00301a54  00301b11        be
  _memcpy
                                  00301a54        be   func ,g         * 
FILE=sprintf
                                  00301b14  00301b4f        3c
  _sprintf
                                  00301b14        3c   func ,g         * 
FILE=strlen
                                  00301b50  00301b5f        10
  _strlen
                                  00301b50        10   func ,g         * 
FILE=strstr
                                  00301b60  00301bdb        7c
  _strstr
                                  00301b60        7c   func ,g         * 
FILE=_Bdel_cychdr
                                  00301bdc  00301beb        10
  _Bdel_cychdr
                                  00301bdc         0   none ,g         * 
FILE=_Bdisp_AllClr_VRAM
                                  00301bec  00301bfb        10
  _Bdisp_AllClr_VRAM
                                  00301bec         0   none ,g         * 
FILE=_Bdisp_AreaClr_VRAM
                                  00301bfc  00301c0b        10
  _Bdisp_AreaClr_VRAM
                                  00301bfc         0   none ,g         * 
FILE=_Bdisp_AreaReverseVRAM
                                  00301c0c  00301c1b        10
  _Bdisp_AreaReverseVRAM
                                  00301c0c         0   none ,g         * 
FILE=_Bdisp_PutDisp_DD
                                  00301c1c  00301c2b        10
  _Bdisp_PutDisp_DD
                                  00301c1c         0   none ,g         * 
FILE=_Bdisp_PutLineVRAM
                                  00301c2c  00301c3b        10
  _Bdisp_DrawLineVRAM
                                  00301c2c         0   none ,g         * 
FILE=_Bdisp_WriteGraph_VRAM
                                  00301c3c  00301c4b        10
  _Bdisp_WriteGraph_VRAM
                                  00301c3c         0   none ,g         * 
FILE=_Bfile_FindClose
                                  00301c4c  00301c5b        10
  _Bfile_FindClose
                                  00301c4c         0   none ,g         * 
FILE=_Bfile_FindFirst
                                  00301c5c  00301c6b        10
  _Bfile_FindFirst
                                  00301c5c         0   none ,g         * 
FILE=_Bfile_FindNext
                                  00301c6c  00301c7b        10
  _Bfile_FindNext
                                  00301c6c         0   none ,g         * 
FILE=_BfileFLS_CloseFile
                                  00301c7c  00301c8b        10
  _BfileFLS_CloseFile
                                  00301c7c         0   none ,g         * 
FILE=_Bkey_Set_RepeatTime_Default
                                  00301c8c  00301c9b        10
  _Bkey_Set_RepeatTime_Default
                                  00301c8c         0   none ,g         * 
FILE=_CallbackAtQuitMainFunction
                                  00301c9c  00301cab        10
  _CallbackAtQuitMainFunction
                                  00301c9c         0   none ,g         * 
FILE=_calloc
                                  00301cac  00301cbb        10
  _calloc
                                  00301cac         0   none ,g         * 
FILE=_flsFindClose
                                  00301cbc  00301ccb        10
  _flsFindClose
                                  00301cbc         0   none ,g         * 
FILE=_free
                                  00301ccc  00301cdb        10
  _free
                                  00301ccc         0   none ,g         * 
FILE=_getkey
                                  00301cdc  00301ceb        10
  _GetKey
                                  00301cdc         0   none ,g         * 
FILE=_GLibAddinAplExecutionCheck
                                  00301cec  00301cfb        10
  _GLibAddinAplExecutionCheck
                                  00301cec         0   none ,g         * 
FILE=_Hmem_SetMMU
                                  00301cfc  00301d0b        10
  _Hmem_SetMMU
                                  00301cfc         0   none ,g         * 
FILE=_malloc
                                  00301d0c  00301d1b        10
  _malloc
                                  00301d0c         0   none ,g         * 
FILE=_Print
                                  00301d1c  00301d2b        10
  _Print
                                  00301d1c         0   none ,g         * 
FILE=_PrintXY
                                  00301d2c  00301d3b        10
  _PrintXY
                                  00301d2c         0   none ,g         * 
FILE=dispbios
                                  00301d3c  00301eb1       176
  _PrintMini
                                  00301d3c        1c   func ,g         * 
  _locate
                                  00301d58        28   func ,g         * 
  _Bdisp_ReadArea_DD
                                  00301d80       132   func ,g         * 
FILE=filebios
                                  00301eb4  003025e3       730
  _BfileMCS_GetFileHandle
                                  00301eb4        6e   func ,g         * 
  _Bfile_CloseFile
                                  00301f22        6e   func ,g         * 
  _BfileMCS_HandleCheck
                                  00301f90        40   func ,g         * 
  _MCSFile_InitAll
                                  00301fd0        3c   func ,g         * 
  _Bfile_ReadFile
                                  0030200c        e8   func ,g         * 
  _Bfile_WriteFile
                                  003020f4        de   func ,g         * 
  _Bfile_SeekFile
                                  003021d2        6a   func ,g         * 
  _Bfile_OpenMainMemory
                                  0030223c        42   func ,g         * 
  _Bfile_OpenFile
                                  0030227e         6   func ,g         * 
  _Bfile_GetMediaFree
                                  00302284        cc   func ,g         * 
  _Bfile_GetFileSize
                                  00302350        7a   func ,g         * 
  _Bfile_CreateMainMemory
                                  003023ca        84   func ,g         * 
  _Bfile_CreateFile
                                  0030244e        16   func ,g         * 
  _Bfile_CreateDirectory
                                  00302464         8   func ,g         * 
  _Bfile_RenameMainMemory
                                  0030246c        6a   func ,g         * 
  _Bfile_DeleteMainMemory
                                  003024d6        6a   func ,g         * 
  _Bfile_DeleteFile
                                  00302540        40   func ,g         * 
  _Bfile_DeleteDirectory
                                  00302580        64   func ,g         * 
FILE=__divls
                                  003025e4  00302697        b4
  __divls
                                  003025e4         0   none ,g         * 
  divls_zero
                                  00302682         0   none ,l         * 
  A_errno
                                  00302690         0   none ,l         * 
  n_zerono
                                  00302694         0   none ,l         * 
FILE=__q_scpy
                                  00302698  003026ff        68
  __quick_strcpy
                                  00302698         0   none ,g         * 
  _quick_strcpy1
                                  0030269c         0   none ,g         * 
  FCPY_L
                                  003026a6         0   none ,l         * 
  FCPY_NULL1
                                  003026ca         0   none ,l         * 
  FCPY_NULL2
                                  003026ce         0   none ,l         * 
  FCPY_NULL3
                                  003026d2         0   none ,l         * 
  FCPY_NULL
                                  003026d4         0   none ,l         * 
  FCPY_B
                                  003026da         0   none ,l         * 
  FCPY_END
                                  003026f4         0   none ,l         * 
FILE=__s_mvn
                                  00302700  00302737        38
  __slow_mvn
                                  00302700         0   none ,g         * 
  SMVN_B
                                  0030270e         0   none ,l         * 
  SMVN_END
                                  00302730         0   none ,l         * 
FILE=_fmtout
                                  00302738  00303823      10ec
  __fmtout
                                  00302738       768   func ,g         * 
  __ltostr
                                  00302ea0       20a   func ,l         * 
  __xtostr
                                  003030aa       68e   func ,l         * 
  __round
                                  00303738        60   func ,l         * 
  __putstr
                                  00303798        58   func ,l         * 
  __putnull
                                  003037f0        10   func ,l         * 
  __puterr
                                  00303800        24   func ,l         * 
FILE=memcmp
                                  00303824  00303857        34
  _memcmp
                                  00303824        34   func ,g         * 
FILE=strncmp
                                  00303858  00303895        3e
  _strncmp
                                  00303858        3e   func ,g         * 
FILE=strtol
                                  00303898  00303b5b       2c4
  _strtol
                                  00303898       2c4   func ,g         * 
FILE=_Bfile_CloseFile
                                  00303b5c  00303b6b        10
  _Bfile_CloseFile_OS
                                  00303b5c         0   none ,g         * 
FILE=_Bfile_CreateEntry
                                  00303b6c  00303b7b        10
  _Bfile_CreateEntry
                                  00303b6c         0   none ,g         * 
FILE=_Bfile_DeleteEntry
                                  00303b7c  00303b8b        10
  _Bfile_DeleteEntry
                                  00303b7c         0   none ,g         * 
FILE=_Bfile_GetFileSize
                                  00303b8c  00303b9b        10
  _Bfile_GetFileSize_OS
                                  00303b8c         0   none ,g         * 
FILE=_Bfile_GetMediaFree
                                  00303b9c  00303bab        10
  _Bfile_GetMediaFree_OS
                                  00303b9c         0   none ,g         * 
FILE=_Bfile_OpenFile
                                  00303bac  00303bbb        10
  _Bfile_OpenFile_OS
                                  00303bac         0   none ,g         * 
FILE=_Bfile_ReadFile
                                  00303bbc  00303bcb        10
  _Bfile_ReadFile_OS
                                  00303bbc         0   none ,g         * 
FILE=_Bfile_SeekFile
                                  00303bcc  00303bdb        10
  _Bfile_SeekFile_OS
                                  00303bcc         0   none ,g         * 
FILE=_Bfile_WriteFile
                                  00303bdc  00303beb        10
  _Bfile_WriteFile_OS
                                  00303bdc         0   none ,g         * 
FILE=_BMCSRenameVariable
                                  00303bec  00303bfb        10
  _BMCSRenameVariable
                                  00303bec         0   none ,g         * 
FILE=_DD_GET
                                  00303bfc  00303c0b        10
  _DD_GET
                                  00303bfc         0   none ,g         * 
FILE=_GetAppName
                                  00303c0c  00303c1b        10
  _GetAppName
                                  00303c0c         0   none ,g         * 
FILE=_locate
                                  00303c1c  00303c2b        10
  _locate_OS
                                  00303c1c         0   none ,g         * 
FILE=_MCSDelVar2
                                  00303c2c  00303c3b        10
  _MCSDelVar2
                                  00303c2c         0   none ,g         * 
FILE=_MCSGetCapa
                                  00303c3c  00303c4b        10
  _MCSGetCapa
                                  00303c3c         0   none ,g         * 
FILE=_MCSGetData1
                                  00303c4c  00303c5b        10
  _MCSGetData1
                                  00303c4c         0   none ,g         * 
FILE=_MCSGetDlen2
                                  00303c5c  00303c6b        10
  _MCSGetDlen2
                                  00303c5c         0   none ,g         * 
FILE=_MCSOvwDat2
                                  00303c6c  00303c7b        10
  _MCSOvwDat2
                                  00303c6c         0   none ,g         * 
FILE=_MCSPutVar2
                                  00303c7c  00303c8b        10
  _MCSPutVar2
                                  00303c7c         0   none ,g         * 
FILE=_PrintMiniSd
                                  00303c8c  00303c9b        10
  _PrintMiniSd
                                  00303c8c         0   none ,g         * 
FILE=r_eqd
                                  00303c9c  00303d2f        94
  __eqd
                                  00303c9c         0   none ,g         * 
  exception_return1
                                  00303cce         0   none ,l         * 
  exception_return2
                                  00303cd2         0   none ,l         * 
  exception_return3
                                  00303cd6         0   none ,l         * 
  false
                                  00303ce2         0   none ,l         * 
  return
                                  00303ce4         0   none ,l         * 
  exception1
                                  00303cf8         0   none ,l         * 
  exception2
                                  00303d04         0   none ,l         * 
  exception3
                                  00303d10         0   none ,l         * 
  EXP_INF
                                  00303d28         0   none ,l         * 
  MMASK
                                  00303d2c         0   none ,l         * 
FILE=__divlu
                                  00303d30  00303dd7        a8
  __divlu
                                  00303d30         0   none ,g         * 
  divlu_zero
                                  00303dc2         0   none ,l         * 
  A_errno
                                  00303dd0         0   none ,l         * 
  n_zerono
                                  00303dd4         0   none ,l         * 
FILE=__modls
                                  00303dd8  00303e9f        c8
  __modls
                                  00303dd8         0   none ,g         * 
  modls_L
                                  00303e7e         0   none ,l         * 
  modls_zero
                                  00303e8a         0   none ,l         * 
  A_errno
                                  00303e98         0   none ,l         * 
  n_zerono
                                  00303e9c         0   none ,l         * 
FILE=__modlu
                                  00303ea0  00303f57        b8
  __modlu
                                  00303ea0         0   none ,g         * 
  modlu_L
                                  00303f38         0   none ,l         * 
  modlu_zero
                                  00303f40         0   none ,l         * 
  A_errno
                                  00303f50         0   none ,l         * 
  n_zerono
                                  00303f54         0   none ,l         * 
FILE=_its
                                  00303f58  00304087       130
  __its
                                  00303f58       130   func ,g         * 
FILE=_strchek
                                  00304088  003040af        28
  __strchek
                                  00304088        28   func ,g         * 
FILE=_xti
                                  003040b0  0030433f       290
  __xti
                                  003040b0       290   func ,g         * 
  _la$264
                                  00304288         0   none ,l         * 
FILE=_allzero
                                  00304340  0030435d        1e
  __allzero
                                  00304340        1e   func ,g         * 
FILE=_calcnpw
                                  00304360  0030445f       100
  __calcnpw
                                  00304360       100   func ,g         * 
FILE=_log10
                                  00304460  00304727       2c8
  __log10
                                  00304460        62   func ,g         * 
  _frexp
                                  003044c2       12e   func ,l         * 
  _modf
                                  003045f0       138   func ,l         * 
FILE=_lsfts
                                  00304728  00304773        4c
  __lsfts
                                  00304728        4c   func ,g         * 
FILE=_pow5
                                  00304774  00304797        24
  __pow5
                                  00304774        24   func ,g         * 
FILE=_rsfts
                                  00304798  003047ed        56
  __rsfts
                                  00304798        56   func ,g         * 
FILE=_sub
                                  003047f0  00304883        94
  __sub
                                  003047f0        94   func ,g         * 
FILE=_umemcmp
                                  00304884  003048b7        34
  __umemcmp
                                  00304884        34   func ,g         * 
FILE=_unpack
                                  003048b8  00304953        9c
  __unpack
                                  003048b8        9c   func ,g         * 
FILE=r_addd
                                  00304954  00304ce3       390
  __subd
                                  00304954         0   none ,g         * 
  __subdr
                                  0030496c         0   none ,g         * 
  exception1
                                  00304984         0   none ,l         * 
  return_NaN
                                  00304998         0   none ,l         * 
  return_inf
                                  003049a0         0   none ,l         * 
  exception2
                                  003049a4         0   none ,l         * 
  p2_denorm_check
                                  003049b8         0   none ,l         * 
  p1_denorm
                                  003049c4         0   none ,l         * 
  return_p2
                                  003049d0         0   none ,l         * 
  return_p1
                                  003049d8         0   none ,l         * 
  p1_normalize
                                  003049e6         0   none ,l         * 
  p1_norm_loop
                                  003049f0         0   none ,l         * 
  end_p1_norm
                                  003049fa         0   none ,l         * 
  p2_normalize
                                  003049fa         0   none ,l         * 
  p2_norm_loop
                                  00304a04         0   none ,l         * 
  end_p2_norm
                                  00304a0e         0   none ,l         * 
  swap_end
                                  00304a16         0   none ,l         * 
  return_zero
                                  00304a1a         0   none ,l         * 
  __addd
                                  00304a24         0   none ,g         * 
  sub_in
                                  00304a36         0   none ,l         * 
  rotation
                                  00304a56         0   none ,l         * 
  exception_return
                                  00304a82         0   none ,l         * 
  sftr1
                                  00304ac4         0   none ,l         * 
  e_sftr31
                                  00304ac8         0   none ,l         * 
  e_sftr55
                                  00304aee         0   none ,l         * 
  sftr_loop
                                  00304af4         0   none ,l         * 
  end_sftr
                                  00304afc         0   none ,l         * 
  mantissa_sub
                                  00304b20         0   none ,l         * 
  man_sub1
                                  00304b28         0   none ,l         * 
  normalize
                                  00304b36         0   none ,l         * 
  norm32_end
                                  00304b40         0   none ,l         * 
  norm16_end
                                  00304b50         0   none ,l         * 
  over_norm
                                  00304b56         0   none ,l         * 
  overnorm_end
                                  00304b82         0   none ,l         * 
  norm_loop
                                  00304b88         0   none ,l         * 
  end_calc
                                  00304bb0         0   none ,l         * 
  end_norm
                                  00304bb0         0   none ,l         * 
  denormalize_loop
                                  00304bb8         0   none ,l         * 
  round
                                  00304bc0         0   none ,l         * 
  end_denormal
                                  00304bc0         0   none ,l         * 
  round_carry
                                  00304bd8         0   none ,l         * 
  end_round
                                  00304bde         0   none ,l         * 
  return_value
                                  00304bde         0   none ,l         * 
  return
                                  00304bfc         0   none ,l         * 
  plus_zero
                                  00304c1c         0   none ,l         * 
  swap
                                  00304c26         0   none ,l         * 
  EXP_INF
                                  00304c40         0   none ,l         * 
  MMASK
                                  00304c44         0   none ,l         * 
  MSB
                                  00304c48         0   none ,l         * 
  LOWMASK
                                  00304c4c         0   none ,l         * 
  CARRY_CHECK
                                  00304c50         0   none ,l         * 
  NORMAL
                                  00304c54         0   none ,l         * 
  SIGN
                                  00304c58         0   none ,l         * 
  HALF
                                  00304c5c         0   none ,l         * 
  sftrtbl
                                  00304c60         0   none ,l         * 
FILE=r_dtoi
                                  00304ce4  00304d6f        8c
  __dtou
                                  00304ce4         0   none ,g         * 
  __dtoi
                                  00304ce4         0   none ,g         * 
  loop_sftl
                                  00304d24         0   none ,l         * 
  shift_low
                                  00304d2e         0   none ,l         * 
  shift_low1
                                  00304d36         0   none ,l         * 
  shift_r
                                  00304d40         0   none ,l         * 
  shift_r1
                                  00304d42         0   none ,l         * 
  end_shift
                                  00304d48         0   none ,l         * 
  return
                                  00304d4e         0   none ,l         * 
  end_nagate
                                  00304d4e         0   none ,l         * 
  return_zero
                                  00304d5c         0   none ,l         * 
  EXP_INF
                                  00304d60         0   none ,l         * 
  MMASK
                                  00304d64         0   none ,l         * 
  MSB
                                  00304d68         0   none ,l         * 
  BIAS
                                  00304d6c         0   none ,l         * 
FILE=r_itod
                                  00304d70  00304dc3        54
  __itod
                                  00304d70         0   none ,g         * 
  end_negate
                                  00304d84         0   none ,l         * 
  sftl_loop
                                  00304d86         0   none ,l         * 
  return
                                  00304da8         0   none ,l         * 
  return_zero
                                  00304db8         0   none ,l         * 
  EXP_32
                                  00304dc0         0   none ,l         * 
FILE=r_ltd
                                  00304dc4  00304e6b        a8
  __ltd
                                  00304dc4         0   none ,g         * 
  exception_return1
                                  00304df6         0   none ,l         * 
  exception_return2
                                  00304dfa         0   none ,l         * 
  exception_return3
                                  00304dfe         0   none ,l         * 
  minus
                                  00304e10         0   none ,l         * 
  sign_def
                                  00304e18         0   none ,l         * 
  return
                                  00304e1c         0   none ,l         * 
  exception1
                                  00304e30         0   none ,l         * 
  exception2
                                  00304e3c         0   none ,l         * 
  exception3
                                  00304e48         0   none ,l         * 
  false
                                  00304e60         0   none ,l         * 
  EXP_INF
                                  00304e64         0   none ,l         * 
  MMASK
                                  00304e68         0   none ,l         * 
FILE=r_muld
                                  00304e6c  0030507f       214
  exception1
                                  00304e6c         0   none ,l         * 
  parm2_NaN_check
                                  00304e88         0   none ,l         * 
  exception2
                                  00304e94         0   none ,l         * 
  exception3
                                  00304eac         0   none ,l         * 
  ex3
                                  00304eb8         0   none ,l         * 
  p1_norm_loop
                                  00304ec2         0   none ,l         * 
  end_p1_norm
                                  00304ecc         0   none ,l         * 
  exception4
                                  00304ed0         0   none ,l         * 
  ex4
                                  00304edc         0   none ,l         * 
  p2_norm_loop
                                  00304ee6         0   none ,l         * 
  end_p2_norm
                                  00304ef0         0   none ,l         * 
  return_zero
                                  00304ef4         0   none ,l         * 
  return_inf
                                  00304efe         0   none ,l         * 
  return_NaN
                                  00304f06         0   none ,l         * 
  __muld
                                  00304f10         0   none ,g         * 
  exception_return3
                                  00304f66         0   none ,l         * 
  exception_return4
                                  00304f6a         0   none ,l         * 
  mul_man1
                                  00304fac         0   none ,l         * 
  end_normalize
                                  00304fd0         0   none ,l         * 
  end_sticky
                                  00304fd6         0   none ,l         * 
  denormalize_loop
                                  00304fde         0   none ,l         * 
  round_denormal
                                  00304fea         0   none ,l         * 
  end_round_d
                                  00305000         0   none ,l         * 
  end_denormal
                                  00305004         0   none ,l         * 
  round_carry
                                  00305016         0   none ,l         * 
  end_round
                                  0030501c         0   none ,l         * 
  return_value
                                  0030501c         0   none ,l         * 
  return
                                  0030503a         0   none ,l         * 
  EXP_INF
                                  00305068         0   none ,l         * 
  MMASK
                                  0030506c         0   none ,l         * 
  MSB
                                  00305070         0   none ,l         * 
  CARRY_CHECK
                                  00305074         0   none ,l         * 
  BIAS
                                  00305078         0   none ,l         * 
  DEN_CARRY
                                  0030507c         0   none ,l         * 
FILE=r_ned
                                  00305080  00305113        94
  __ned
                                  00305080         0   none ,g         * 
  exception_return1
                                  003050b2         0   none ,l         * 
  exception_return2
                                  003050b6         0   none ,l         * 
  exception_return3
                                  003050ba         0   none ,l         * 
  true
                                  003050c6         0   none ,l         * 
  return
                                  003050c8         0   none ,l         * 
  exception1
                                  003050dc         0   none ,l         * 
  exception2
                                  003050e8         0   none ,l         * 
  exception3
                                  003050f4         0   none ,l         * 
  EXP_INF
                                  0030510c         0   none ,l         * 
  MMASK
                                  00305110         0   none ,l         * 
FILE=__divws
                                  00305114  00305163        50
  __divws
                                  00305114         0   none ,g         * 
  divws_zero
                                  00305152         0   none ,l         * 
  A_errno
                                  0030515c         0   none ,l         * 
  n_zerono
                                  00305160         0   none ,l         * 
FILE=_div64
                                  00305164  003052f7       194
  __div64
                                  00305164       194   func ,g         * 
FILE=_duchek
                                  003052f8  00305327        30
  __duchek
                                  003052f8        30   func ,g         * 
FILE=_lsft
                                  00305328  0030536d        46
  __lsft
                                  00305328        46   func ,g         * 
FILE=_mult64
                                  00305370  003053df        70
  __mult64
                                  00305370        70   func ,g         * 
FILE=_power
                                  003053e0  00305533       154
  __power
                                  003053e0       154   func ,g         * 
FILE=_rnd
                                  00305534  0030561f        ec
  __rnd
                                  00305534        ec   func ,g         * 
FILE=_setsbit
                                  00305620  003056a3        84
  __setsbit
                                  00305620        84   func ,g         * 
FILE=_add
                                  003056a4  003056ff        5c
  __add
                                  003056a4        5c   func ,g         * 
FILE=_mult
                                  00305700  003057db        dc
  __mult
                                  00305700        dc   func ,g         * 
FILE=_pow10
                                  003057dc  00305873        98
  __pow10
                                  003057dc        98   func ,g         * 
FILE=_rsft
                                  00305874  003058bd        4a
  __rsft
                                  00305874        4a   func ,g         * 
FILE=memset
                                  003058c0  003058d7        18
  _memset
                                  003058c0        18   func ,g         * 

SECTION=C
FILE=E:\DLsrc\Debug\dl2_dialog.obj
                                  003058d8  003059a9        d2
  _ICON_QUST
                                  003058d8        20   data ,g         * 
  _ICON_WAIT
                                  003058f8        20   data ,g         * 
  _ICON_WARN
                                  00305918        20   data ,g         * 
FILE=E:\DLsrc\Debug\dl2_pic.obj
                                  00305bfc  00305e7b       280
  _PIC_BACK
                                  00305bfc       180   data ,g         * 
  _PIC_FLS
                                  00305d7c        80   data ,g         * 
  _PIC_CRD
                                  00305dfc        80   data ,g         * 
FILE=addin_sct
                                  00305e7c  00305e8f        14
  _B_BGN
                                  00305e7c         0   none ,g         * 
  _B_END
                                  00305e80         0   none ,g         * 
  _R_BGN
                                  00305e84         0   none ,g         * 
  _R_END
                                  00305e88         0   none ,g         * 
  _D_ROM
                                  00305e8c         0   none ,g         * 
FILE=_ctype
                                  00305eb4  00305fb3       100
  __ctype
                                  00305eb4       100   data ,g         * 
FILE=_its
                                  00305fb4  0030603b        88
  _table$246
                                  00305fb4        88   data ,l         * 
FILE=_pow5
                                  0030603c  0030611b        e0
  _w$238
                                  0030603c        e0   data ,l         * 
FILE=_power
                                  0030611c  003061bb        a0
  _conmnts$251
                                  0030611c        80   data ,l         * 
  _conexp$252
                                  0030619c        20   data ,l         * 

SECTION=B_BR_Size
FILE=E:\DLsrc\Debug\dl2_main.obj
                                  08100000  08100003         4
  _BR_Size
                                  08100000         4   data ,g         * 

SECTION=B
FILE=E:\DLsrc\Debug\dl2_main.obj
                                  08100004  0810001f        1c
  _page_offset
                                  08100004         4   data ,g         * 
  _file_name
                                  08100008         4   data ,g         * 
  _mark
                                  0810000c        14   data ,g         * 
FILE=_errno
                                  08100020  08100023         4
  __errno
                                  08100020         4   data ,g         * 

SECTION=R
FILE=E:\DLsrc\Debug\dl2_main.obj
                                  08100024  0810005f        3c
  _font_modle
                                  08100024         4   data ,g         * 
  _page_size
                                  08100028         4   data ,g         * 
  _page_now
                                  0810002c         4   data ,g         * 
  _file_size
                                  08100030         4   data ,g         * 
  _file_pos
                                  08100034         4   data ,g         * 
  _fh_txt
                                  08100038         4   data ,g         * 
  _MAIN_MENU_TEXT
                                  0810003c        10   data ,g         * 
  _READ_MENU_TEXT
                                  0810004c        14   data ,g         * 
FILE=E:\DLsrc\Debug\fxchslib.obj
                                  08100060  0810006b         c
  _def_font
                                  08100060         4   data ,g         * 
  _sys_font
                                  08100064         4   data ,g         * 
  _usr_font
                                  08100068         4   data ,g         * 
FILE=F:\SDKcalc\OS\FX\lib\setup.obj
                                  0810006c  0810006f         4
  _gb_OnAppClose
                                  0810006c         4   data ,g         * 
FILE=filebios
                                  08100070  081000d3        64
  _MCSpt
                                  08100070        64   data ,g         * 

Absolute value symbols
FILE=_Bdel_cychdr
  __JumpTableTOP
                                  80010070         0   none ,l         * 
FILE=_Bdisp_AllClr_VRAM
  __JumpTableTOP
                                  80010070         0   none ,l         * 
FILE=_Bdisp_AreaClr_VRAM
  __JumpTableTOP
                                  80010070         0   none ,l         * 
FILE=_Bdisp_AreaReverseVRAM
  __JumpTableTOP
                                  80010070         0   none ,l         * 
FILE=_Bdisp_PutDisp_DD
  __JumpTableTOP
                                  80010070         0   none ,l         * 
FILE=_Bdisp_PutLineVRAM
  __JumpTableTOP
                                  80010070         0   none ,l         * 
FILE=_Bdisp_WriteGraph_VRAM
  __JumpTableTOP
                                  80010070         0   none ,l         * 
FILE=_Bfile_FindClose
  __JumpTableTOP
                                  80010070         0   none ,l         * 
FILE=_Bfile_FindFirst
  __JumpTableTOP
                                  80010070         0   none ,l         * 
FILE=_Bfile_FindNext
  __JumpTableTOP
                                  80010070         0   none ,l         * 
FILE=_BfileFLS_CloseFile
  __JumpTableTOP
                                  80010070         0   none ,l         * 
FILE=_Bkey_Set_RepeatTime_Default
  __JumpTableTOP
                                  80010070         0   none ,l         * 
FILE=_CallbackAtQuitMainFunction
  __JumpTableTOP
                                  80010070         0   none ,l         * 
FILE=_calloc
  __JumpTableTOP
                                  80010070         0   none ,l         * 
FILE=_flsFindClose
  __JumpTableTOP
                                  80010070         0   none ,l         * 
FILE=_free
  __JumpTableTOP
                                  80010070         0   none ,l         * 
FILE=_getkey
  __JumpTableTOP
                                  80010070         0   none ,l         * 
FILE=_GLibAddinAplExecutionCheck
  __JumpTableTOP
                                  80010070         0   none ,l         * 
FILE=_Hmem_SetMMU
  __JumpTableTOP
                                  80010070         0   none ,l         * 
FILE=_malloc
  __JumpTableTOP
                                  80010070         0   none ,l         * 
FILE=_Print
  __JumpTableTOP
                                  80010070         0   none ,l         * 
FILE=_PrintXY
  __JumpTableTOP
                                  80010070         0   none ,l         * 
FILE=__divls
  zerodiv
                                  0000044e         0   none ,l         * 
FILE=_Bfile_CloseFile
  __JumpTableTOP
                                  80010070         0   none ,l         * 
FILE=_Bfile_CreateEntry
  __JumpTableTOP
                                  80010070         0   none ,l         * 
FILE=_Bfile_DeleteEntry
  __JumpTableTOP
                                  80010070         0   none ,l         * 
FILE=_Bfile_GetFileSize
  __JumpTableTOP
                                  80010070         0   none ,l         * 
FILE=_Bfile_GetMediaFree
  __JumpTableTOP
                                  80010070         0   none ,l         * 
FILE=_Bfile_OpenFile
  __JumpTableTOP
                                  80010070         0   none ,l         * 
FILE=_Bfile_ReadFile
  __JumpTableTOP
                                  80010070         0   none ,l         * 
FILE=_Bfile_SeekFile
  __JumpTableTOP
                                  80010070         0   none ,l         * 
FILE=_Bfile_WriteFile
  __JumpTableTOP
                                  80010070         0   none ,l         * 
FILE=_BMCSRenameVariable
  __JumpTableTOP
                                  80010070         0   none ,l         * 
FILE=_DD_GET
  __JumpTableTOP
                                  80010070         0   none ,l         * 
FILE=_GetAppName
  __JumpTableTOP
                                  80010070         0   none ,l         * 
FILE=_locate
  __JumpTableTOP
                                  80010070         0   none ,l         * 
FILE=_MCSDelVar2
  __JumpTableTOP
                                  80010070         0   none ,l         * 
FILE=_MCSGetCapa
  __JumpTableTOP
                                  80010070         0   none ,l         * 
FILE=_MCSGetData1
  __JumpTableTOP
                                  80010070         0   none ,l         * 
FILE=_MCSGetDlen2
  __JumpTableTOP
                                  80010070         0   none ,l         * 
FILE=_MCSOvwDat2
  __JumpTableTOP
                                  80010070         0   none ,l         * 
FILE=_MCSPutVar2
  __JumpTableTOP
                                  80010070         0   none ,l         * 
FILE=_PrintMiniSd
  __JumpTableTOP
                                  80010070         0   none ,l         * 
FILE=__divlu
  zerodiv
                                  0000044e         0   none ,l         * 
FILE=__modls
  zerodiv
                                  0000044e         0   none ,l         * 
FILE=__modlu
  zerodiv
                                  0000044e         0   none ,l         * 
FILE=__divws
  zerodiv
                                  0000044e         0   none ,l         * 

*** Delete Symbols ***

SYMBOL                                SIZE    INFO

*** Variable Accessible with Abs8 ***

SYMBOL                                SIZE    COUNTS  OPTIMIZE

*** Variable Accessible with Abs16 ***

SYMBOL                                SIZE    COUNTS  OPTIMIZE

*** Function Call ***

SYMBOL                              COUNTS  OPTIMIZE
